{
"issues":  [
{
"id":  "S3626",
"message":  "Remove this redundant jump.",
"location":  {
"uri":  "sources\Automapper\src\AutoMapper\Execution\TypeMapPlanBuilder.cs",
"region":  {
"startLine":  130,
"startColumn":  13,
"endLine":  130,
"endColumn":  20
}
}
}
]
}
