{
"issues":  [
{
"id":  "S1854",
"message":  "Remove this useless assignment to local variable 'value'.",
"location":  {
"uri":  "sources\Automapper\src\UnitTests\DynamicMapping.cs",
"region":  {
"startLine":  301,
"startColumn":  19,
"endLine":  301,
"endColumn":  23
}
}
}
]
}
