{
"issues":  [
{
"id":  "S2259",
"message":  "'obj' is null on at least one execution path.",
"location":  {
"uri":  "sources\GeneratedCode\autogenerated_comment.cs",
"region":  {
"startLine":  11,
"startColumn":  31,
"endLine":  11,
"endColumn":  34
}
}
},
{
"id":  "S2259",
"message":  "'obj' is null on at least one execution path.",
"location":  {
"uri":  "sources\GeneratedCode\autogenerated_comment2.cs",
"region":  {
"startLine":  12,
"startColumn":  31,
"endLine":  12,
"endColumn":  34
}
}
},
{
"id":  "S2259",
"message":  "'obj' is null on at least one execution path.",
"location":  {
"uri":  "sources\GeneratedCode\autogenerated_comment3.cs",
"region":  {
"startLine":  12,
"startColumn":  31,
"endLine":  12,
"endColumn":  34
}
}
},
{
"id":  "S2259",
"message":  "'obj' is null on at least one execution path.",
"location":  {
"uri":  "sources\GeneratedCode\autogenerated_comment4.cs",
"region":  {
"startLine":  18,
"startColumn":  31,
"endLine":  18,
"endColumn":  34
}
}
},
{
"id":  "S2259",
"message":  "'obj' is null on at least one execution path.",
"location":  {
"uri":  "sources\GeneratedCode\class.designer.cs",
"region":  {
"startLine":  10,
"startColumn":  31,
"endLine":  10,
"endColumn":  34
}
}
},
{
"id":  "S2259",
"message":  "'obj' is null on at least one execution path.",
"location":  {
"uri":  "sources\GeneratedCode\class.g.cs",
"region":  {
"startLine":  10,
"startColumn":  31,
"endLine":  10,
"endColumn":  34
}
}
},
{
"id":  "S2259",
"message":  "'obj' is null on at least one execution path.",
"location":  {
"uri":  "sources\GeneratedCode\class.g.something.cs",
"region":  {
"startLine":  10,
"startColumn":  31,
"endLine":  10,
"endColumn":  34
}
}
},
{
"id":  "S2259",
"message":  "'obj' is null on at least one execution path.",
"location":  {
"uri":  "sources\GeneratedCode\class.generated.cs",
"region":  {
"startLine":  10,
"startColumn":  31,
"endLine":  10,
"endColumn":  34
}
}
},
{
"id":  "S2259",
"message":  "'obj' is null on at least one execution path.",
"location":  {
"uri":  "sources\GeneratedCode\class_generated.cs",
"region":  {
"startLine":  10,
"startColumn":  31,
"endLine":  10,
"endColumn":  34
}
}
},
{
"id":  "S2259",
"message":  "'obj' is null on at least one execution path.",
"location":  {
"uri":  "sources\GeneratedCode\compiler_generated.cs",
"region":  {
"startLine":  11,
"startColumn":  31,
"endLine":  11,
"endColumn":  34
}
}
},
{
"id":  "S2259",
"message":  "'obj' is null on at least one execution path.",
"location":  {
"uri":  "sources\GeneratedCode\compiler_generated_attr.cs",
"region":  {
"startLine":  11,
"startColumn":  31,
"endLine":  11,
"endColumn":  34
}
}
},
{
"id":  "S2259",
"message":  "'obj' is null on at least one execution path.",
"location":  {
"uri":  "sources\GeneratedCode\debugger_non_user_code.cs",
"region":  {
"startLine":  11,
"startColumn":  31,
"endLine":  11,
"endColumn":  34
}
}
},
{
"id":  "S2259",
"message":  "'obj' is null on at least one execution path.",
"location":  {
"uri":  "sources\GeneratedCode\debugger_non_user_code_attr.cs",
"region":  {
"startLine":  11,
"startColumn":  31,
"endLine":  11,
"endColumn":  34
}
}
},
{
"id":  "S2259",
"message":  "'obj' is null on at least one execution path.",
"location":  {
"uri":  "sources\GeneratedCode\generated_code_attr.cs",
"region":  {
"startLine":  11,
"startColumn":  31,
"endLine":  11,
"endColumn":  34
}
}
},
{
"id":  "S2259",
"message":  "'obj' is null on at least one execution path.",
"location":  {
"uri":  "sources\GeneratedCode\generated_code_attr2.cs",
"region":  {
"startLine":  11,
"startColumn":  31,
"endLine":  11,
"endColumn":  34
}
}
},
{
"id":  "S2259",
"message":  "'obj' is null on at least one execution path.",
"location":  {
"uri":  "sources\GeneratedCode\generated_region.cs",
"region":  {
"startLine":  10,
"startColumn":  31,
"endLine":  10,
"endColumn":  34
}
}
},
{
"id":  "S2259",
"message":  "'obj' is null on at least one execution path.",
"location":  {
"uri":  "sources\GeneratedCode\generated_region_2.cs",
"region":  {
"startLine":  10,
"startColumn":  31,
"endLine":  10,
"endColumn":  34
}
}
},
{
"id":  "S2259",
"message":  "'obj' is null on at least one execution path.",
"location":  {
"uri":  "sources\GeneratedCode\handwritten.cs",
"region":  {
"startLine":  11,
"startColumn":  31,
"endLine":  11,
"endColumn":  34
}
}
},
{
"id":  "S2259",
"message":  "'obj' is null on at least one execution path.",
"location":  {
"uri":  "sources\GeneratedCode\TEMPORARYGENERATEDFILE_class.cs",
"region":  {
"startLine":  10,
"startColumn":  31,
"endLine":  10,
"endColumn":  34
}
}
}
]
}
