{
"issues":  [
{
"id":  "S2259",
"message":  "'obj' is null on at least one execution path.",
"location":  {
"uri":  "sources\GeneratedCode\handwritten.cs",
"region":  {
"startLine":  11,
"startColumn":  31,
"endLine":  11,
"endColumn":  34
}
}
}
]
}
